/home/sh3rawy/Documents/exit-tutorial-hell/acoustic-camera-DIY/firmware/Pot_temp/Core/Src/main.c:69:6:HAL_ADC_ConvCpltCallback	16	static
/home/sh3rawy/Documents/exit-tutorial-hell/acoustic-camera-DIY/firmware/Pot_temp/Core/Src/main.c:81:5:main	8	static
/home/sh3rawy/Documents/exit-tutorial-hell/acoustic-camera-DIY/firmware/Pot_temp/Core/Src/main.c:126:6:SystemClock_Config	88	static
/home/sh3rawy/Documents/exit-tutorial-hell/acoustic-camera-DIY/firmware/Pot_temp/Core/Src/main.c:172:13:MX_ADC1_Init	24	static
/home/sh3rawy/Documents/exit-tutorial-hell/acoustic-camera-DIY/firmware/Pot_temp/Core/Src/main.c:240:13:MX_DMA_Init	16	static
/home/sh3rawy/Documents/exit-tutorial-hell/acoustic-camera-DIY/firmware/Pot_temp/Core/Src/main.c:258:13:MX_GPIO_Init	40	static
/home/sh3rawy/Documents/exit-tutorial-hell/acoustic-camera-DIY/firmware/Pot_temp/Core/Src/main.c:293:6:Error_Handler	4	static,ignoring_inline_asm
