Archive member included to satisfy reference by file (symbol)

/opt/st/stm32cubeide_1.19.0_2/plugins/com.st.stm32cube.ide.mcu.externaltools.gnu-tools-for-stm32.13.3.rel1.linux64_1.0.0.202410170706/tools/bin/../lib/gcc/arm-none-eabi/13.3.1/thumb/v7e-m+fp/hard/libgcc.a(_aeabi_uldivmod.o)
                              cmake/stm32cubemx/CMakeFiles/STM32_Drivers.dir/__/__/Drivers/STM32F4xx_HAL_Driver/Src/stm32f4xx_hal_rcc.c.obj (__aeabi_uldivmod)
/opt/st/stm32cubeide_1.19.0_2/plugins/com.st.stm32cube.ide.mcu.externaltools.gnu-tools-for-stm32.13.3.rel1.linux64_1.0.0.202410170706/tools/bin/../lib/gcc/arm-none-eabi/13.3.1/thumb/v7e-m+fp/hard/libgcc.a(_udivmoddi4.o)
                              /opt/st/stm32cubeide_1.19.0_2/plugins/com.st.stm32cube.ide.mcu.externaltools.gnu-tools-for-stm32.13.3.rel1.linux64_1.0.0.202410170706/tools/bin/../lib/gcc/arm-none-eabi/13.3.1/thumb/v7e-m+fp/hard/libgcc.a(_aeabi_uldivmod.o) (__udivmoddi4)
/opt/st/stm32cubeide_1.19.0_2/plugins/com.st.stm32cube.ide.mcu.externaltools.gnu-tools-for-stm32.13.3.rel1.linux64_1.0.0.202410170706/tools/bin/../lib/gcc/arm-none-eabi/13.3.1/thumb/v7e-m+fp/hard/libgcc.a(_dvmd_tls.o)
                              /opt/st/stm32cubeide_1.19.0_2/plugins/com.st.stm32cube.ide.mcu.externaltools.gnu-tools-for-stm32.13.3.rel1.linux64_1.0.0.202410170706/tools/bin/../lib/gcc/arm-none-eabi/13.3.1/thumb/v7e-m+fp/hard/libgcc.a(_aeabi_uldivmod.o) (__aeabi_ldiv0)
/opt/st/stm32cubeide_1.19.0_2/plugins/com.st.stm32cube.ide.mcu.externaltools.gnu-tools-for-stm32.13.3.rel1.linux64_1.0.0.202410170706/tools/bin/../lib/gcc/arm-none-eabi/13.3.1/../../../../arm-none-eabi/lib/thumb/v7e-m+fp/hard/libg_nano.a(libc_a-exit.o)
                              /opt/st/stm32cubeide_1.19.0_2/plugins/com.st.stm32cube.ide.mcu.externaltools.gnu-tools-for-stm32.13.3.rel1.linux64_1.0.0.202410170706/tools/bin/../lib/gcc/arm-none-eabi/13.3.1/../../../../arm-none-eabi/lib/thumb/v7e-m+fp/hard/crt0.o (exit)
/opt/st/stm32cubeide_1.19.0_2/plugins/com.st.stm32cube.ide.mcu.externaltools.gnu-tools-for-stm32.13.3.rel1.linux64_1.0.0.202410170706/tools/bin/../lib/gcc/arm-none-eabi/13.3.1/../../../../arm-none-eabi/lib/thumb/v7e-m+fp/hard/libg_nano.a(libc_a-findfp.o)
                              /opt/st/stm32cubeide_1.19.0_2/plugins/com.st.stm32cube.ide.mcu.externaltools.gnu-tools-for-stm32.13.3.rel1.linux64_1.0.0.202410170706/tools/bin/../lib/gcc/arm-none-eabi/13.3.1/../../../../arm-none-eabi/lib/thumb/v7e-m+fp/hard/libg_nano.a(libc_a-exit.o) (__stdio_exit_handler)
/opt/st/stm32cubeide_1.19.0_2/plugins/com.st.stm32cube.ide.mcu.externaltools.gnu-tools-for-stm32.13.3.rel1.linux64_1.0.0.202410170706/tools/bin/../lib/gcc/arm-none-eabi/13.3.1/../../../../arm-none-eabi/lib/thumb/v7e-m+fp/hard/libg_nano.a(libc_a-fwalk.o)
                              /opt/st/stm32cubeide_1.19.0_2/plugins/com.st.stm32cube.ide.mcu.externaltools.gnu-tools-for-stm32.13.3.rel1.linux64_1.0.0.202410170706/tools/bin/../lib/gcc/arm-none-eabi/13.3.1/../../../../arm-none-eabi/lib/thumb/v7e-m+fp/hard/libg_nano.a(libc_a-findfp.o) (_fwalk_sglue)
/opt/st/stm32cubeide_1.19.0_2/plugins/com.st.stm32cube.ide.mcu.externaltools.gnu-tools-for-stm32.13.3.rel1.linux64_1.0.0.202410170706/tools/bin/../lib/gcc/arm-none-eabi/13.3.1/../../../../arm-none-eabi/lib/thumb/v7e-m+fp/hard/libg_nano.a(libc_a-stdio.o)
                              /opt/st/stm32cubeide_1.19.0_2/plugins/com.st.stm32cube.ide.mcu.externaltools.gnu-tools-for-stm32.13.3.rel1.linux64_1.0.0.202410170706/tools/bin/../lib/gcc/arm-none-eabi/13.3.1/../../../../arm-none-eabi/lib/thumb/v7e-m+fp/hard/libg_nano.a(libc_a-findfp.o) (__sread)
/opt/st/stm32cubeide_1.19.0_2/plugins/com.st.stm32cube.ide.mcu.externaltools.gnu-tools-for-stm32.13.3.rel1.linux64_1.0.0.202410170706/tools/bin/../lib/gcc/arm-none-eabi/13.3.1/../../../../arm-none-eabi/lib/thumb/v7e-m+fp/hard/libg_nano.a(libc_a-memset.o)
                              /opt/st/stm32cubeide_1.19.0_2/plugins/com.st.stm32cube.ide.mcu.externaltools.gnu-tools-for-stm32.13.3.rel1.linux64_1.0.0.202410170706/tools/bin/../lib/gcc/arm-none-eabi/13.3.1/../../../../arm-none-eabi/lib/thumb/v7e-m+fp/hard/crt0.o (memset)
/opt/st/stm32cubeide_1.19.0_2/plugins/com.st.stm32cube.ide.mcu.externaltools.gnu-tools-for-stm32.13.3.rel1.linux64_1.0.0.202410170706/tools/bin/../lib/gcc/arm-none-eabi/13.3.1/../../../../arm-none-eabi/lib/thumb/v7e-m+fp/hard/libg_nano.a(libc_a-closer.o)
                              /opt/st/stm32cubeide_1.19.0_2/plugins/com.st.stm32cube.ide.mcu.externaltools.gnu-tools-for-stm32.13.3.rel1.linux64_1.0.0.202410170706/tools/bin/../lib/gcc/arm-none-eabi/13.3.1/../../../../arm-none-eabi/lib/thumb/v7e-m+fp/hard/libg_nano.a(libc_a-stdio.o) (_close_r)
/opt/st/stm32cubeide_1.19.0_2/plugins/com.st.stm32cube.ide.mcu.externaltools.gnu-tools-for-stm32.13.3.rel1.linux64_1.0.0.202410170706/tools/bin/../lib/gcc/arm-none-eabi/13.3.1/../../../../arm-none-eabi/lib/thumb/v7e-m+fp/hard/libg_nano.a(libc_a-reent.o)
[...]
Memory Configuration

Name             Origin             Length             Attributes
RAM              0x20000000         0x00020000         xrw
FLASH            0x08000000         0x00080000         xr
*default*        0x00000000         0xffffffff

Linker script and memory map

LOAD /opt/st/stm32cubeide_1.19.0_2/plugins/com.st.stm32cube.ide.mcu.externaltools.gnu-tools-for-stm32.13.3.rel1.linux64_1.0.0.202410170706/tools/bin/../lib/gcc/arm-none-eabi/13.3.1/thumb/v7e-m+fp/hard/crti.o
LOAD /opt/st/stm32cubeide_1.19.0_2/plugins/com.st.stm32cube.ide.mcu.externaltools.gnu-tools-for-stm32.13.3.rel1.linux64_1.0.0.202410170706/tools/bin/../lib/gcc/arm-none-eabi/13.3.1/thumb/v7e-m+fp/hard/crtbegin.o
LOAD /opt/st/stm32cubeide_1.19.0_2/plugins/com.st.stm32cube.ide.mcu.externaltools.gnu-tools-for-stm32.13.3.rel1.linux64_1.0.0.202410170706/tools/bin/../lib/gcc/arm-none-eabi/13.3.1/../../../../arm-none-eabi/lib/thumb/v7e-m+fp/hard/crt0.o
LOAD CMakeFiles/Pot_temp.dir/Core/Src/main.c.obj
LOAD CMakeFiles/Pot_temp.dir/Core/Src/stm32f4xx_it.c.obj
LOAD CMakeFiles/Pot_temp.dir/Core/Src/stm32f4xx_hal_msp.c.obj
LOAD CMakeFiles/Pot_temp.dir/Core/Src/sysmem.c.obj
LOAD CMakeFiles/Pot_temp.dir/Core/Src/syscalls.c.obj
LOAD CMakeFiles/Pot_temp.dir/startup_stm32f411xe.s.obj
LOAD cmake/stm32cubemx/CMakeFiles/STM32_Drivers.dir/__/__/Core/Src/system_stm32f4xx.c.obj
LOAD cmake/stm32cubemx/CMakeFiles/STM32_Drivers.dir/__/__/Drivers/STM32F4xx_HAL_Driver/Src/stm32f4xx_hal_adc.c.obj
LOAD cmake/stm32cubemx/CMakeFiles/STM32_Drivers.dir/__/__/Drivers/STM32F4xx_HAL_Driver/Src/stm32f4xx_hal_adc_ex.c.obj
LOAD cmake/stm32cubemx/CMakeFiles/STM32_Drivers.dir/__/__/Drivers/STM32F4xx_HAL_Driver/Src/stm32f4xx_hal_rcc.c.obj
LOAD cmake/stm32cubemx/CMakeFiles/STM32_Drivers.dir/__/__/Drivers/STM32F4xx_HAL_Driver/Src/stm32f4xx_hal_rcc_ex.c.obj
LOAD cmake/stm32cubemx/CMakeFiles/STM32_Drivers.dir/__/__/Drivers/STM32F4xx_HAL_Driver/Src/stm32f4xx_hal_flash.c.obj
LOAD cmake/stm32cubemx/CMakeFiles/STM32_Drivers.dir/__/__/Drivers/STM32F4xx_HAL_Driver/Src/stm32f4xx_hal_flash_ex.c.obj
LOAD cmake/stm32cubemx/CMakeFiles/STM32_Drivers.dir/__/__/Drivers/STM32F4xx_HAL_Driver/Src/stm32f4xx_hal_flash_ramfunc.c.obj
LOAD cmake/stm32cubemx/CMakeFiles/STM32_Drivers.dir/__/__/Drivers/STM32F4xx_HAL_Driver/Src/stm32f4xx_hal_gpio.c.obj
LOAD cmake/stm32cubemx/CMakeFiles/STM32_Drivers.dir/__/__/Drivers/STM32F4xx_HAL_Driver/Src/stm32f4xx_hal_dma_ex.c.obj
LOAD cmake/stm32cubemx/CMakeFiles/STM32_Drivers.dir/__/__/Drivers/STM32F4xx_HAL_Driver/Src/stm32f4xx_hal_dma.c.obj
LOAD cmake/stm32cubemx/CMakeFiles/STM32_Drivers.dir/__/__/Drivers/STM32F4xx_HAL_Driver/Src/stm32f4xx_hal_pwr.c.obj
LOAD cmake/stm32cubemx/CMakeFiles/STM32_Drivers.dir/__/__/Drivers/STM32F4xx_HAL_Driver/Src/stm32f4xx_hal_pwr_ex.c.obj
LOAD cmake/stm32cubemx/CMakeFiles/STM32_Drivers.dir/__/__/Drivers/STM32F4xx_HAL_Driver/Src/stm32f4xx_hal_cortex.c.obj
LOAD cmake/stm32cubemx/CMakeFiles/STM32_Drivers.dir/__/__/Drivers/STM32F4xx_HAL_Driver/Src/stm32f4xx_hal.c.obj
LOAD cmake/stm32cubemx/CMakeFiles/STM32_Drivers.dir/__/__/Drivers/STM32F4xx_HAL_Driver/Src/stm32f4xx_hal_exti.c.obj
LOAD /opt/st/stm32cubeide_1.19.0_2/plugins/com.st.stm32cube.ide.mcu.externaltools.gnu-tools-for-stm32.13.3.rel1.linux64_1.0.0.202410170706/tools/bin/../lib/gcc/arm-none-eabi/13.3.1/../../../../arm-none-eabi/lib/thumb/v7e-m+fp/hard/libm.a
START GROUP
LOAD /opt/st/stm32cubeide_1.19.0_2/plugins/com.st.stm32cube.ide.mcu.externaltools.gnu-tools-for-stm32.13.3.rel1.linux64_1.0.0.202410170706/tools/bin/../lib/gcc/arm-none-eabi/13.3.1/thumb/v7e-m+fp/hard/libgcc.a
LOAD /opt/st/stm32cubeide_1.19.0_2/plugins/com.st.stm32cube.ide.mcu.externaltools.gnu-tools-for-stm32.13.3.rel1.linux64_1.0.0.202410170706/tools/bin/../lib/gcc/arm-none-eabi/13.3.1/../../../../arm-none-eabi/lib/thumb/v7e-m+fp/hard/libg_nano.a
LOAD /opt/st/stm32cubeide_1.19.0_2/plugins/com.st.stm32cube.ide.mcu.externaltools.gnu-tools-for-stm32.13.3.rel1.linux64_1.0.0.202410170706/tools/bin/../lib/gcc/arm-none-eabi/13.3.1/../../../../arm-none-eabi/lib/thumb/v7e-m+fp/hard/libc_nano.a
END GROUP
START GROUP
LOAD /opt/st/stm32cubeide_1.19.0_2/plugins/com.st.stm32cube.ide.mcu.externaltools.gnu-tools-for-stm32.13.3.rel1.linux64_1.0.0.202410170706/tools/bin/../lib/gcc/arm-none-eabi/13.3.1/thumb/v7e-m+fp/hard/libgcc.a
LOAD /opt/st/stm32cubeide_1.19.0_2/plugins/com.st.stm32cube.ide.mcu.externaltools.gnu-tools-for-stm32.13.3.rel1.linux64_1.0.0.202410170706/tools/bin/../lib/gcc/arm-none-eabi/13.3.1/../../../../arm-none-eabi/lib/thumb/v7e-m+fp/hard/libc_nano.a
END GROUP
LOAD /opt/st/stm32cubeide_1.19.0_2/plugins/com.st.stm32cube.ide.mcu.externaltools.gnu-tools-for-stm32.13.3.rel1.linux64_1.0.0.202410170706/tools/bin/../lib/gcc/arm-none-eabi/13.3.1/thumb/v7e-m+fp/hard/crtend.o
LOAD /opt/st/stm32cubeide_1.19.0_2/plugins/com.st.stm32cube.ide.mcu.externaltools.gnu-tools-for-stm32.13.3.rel1.linux64_1.0.0.202410170706/tools/bin/../lib/gcc/arm-none-eabi/13.3.1/thumb/v7e-m+fp/hard/crtn.o
                0x20020000                        _estack = (ORIGIN (RAM) + LENGTH (RAM))
                0x2001fc00                        _sstack = (_estack - _Min_Stack_Size)
                0x00000200                        _Min_Heap_Size = 0x200
                0x00000400                        _Min_Stack_Size = 0x400

.isr_vector     0x08000000      0x198
                0x08000000                        . = ALIGN (0x4)
 *(.isr_vector)
 .isr_vector    0x08000000      0x198 CMakeFiles/Pot_temp.dir/startup_stm32f411xe.s.obj
                0x08000000                g_pfnVectors
                0x08000198                        . = ALIGN (0x4)

.text           0x08000198     0x270c
                0x08000198                        . = ALIGN (0x4)
 *(.text)
 .text          0x08000198       0x40 /opt/st/stm32cubeide_1.19.0_2/plugins/com.st.stm32cube.ide.mcu.externaltools.gnu-tools-for-stm32.13.3.rel1.linux64_1.0.0.202410170706/tools/bin/../lib/gcc/arm-none-eabi/13.3.1/thumb/v7e-m+fp/hard/crtbegin.o
 .text          0x080001d8       0x30 /opt/st/stm32cubeide_1.19.0_2/plugins/com.st.stm32cube.ide.mcu.externaltools.gnu-tools-for-stm32.13.3.rel1.linux64_1.0.0.202410170706/tools/bin/../lib/gcc/arm-none-eabi/13.3.1/thumb/v7e-m+fp/hard/libgcc.a(_aeabi_uldivmod.o)
                0x080001d8                __aeabi_uldivmod
 .text          0x08000208      0x2f8 /opt/st/stm32cubeide_1.19.0_2/plugins/com.st.stm32cube.ide.mcu.externaltools.gnu-tools-for-stm32.13.3.rel1.linux64_1.0.0.202410170706/tools/bin/../lib/gcc/arm-none-eabi/13.3.1/thumb/v7e-m+fp/hard/libgcc.a(_udivmoddi4.o)
                0x08000208                __udivmoddi4
 .text          0x08000500        0x4 /opt/st/stm32cubeide_1.19.0_2/plugins/com.st.stm32cube.ide.mcu.externaltools.gnu-tools-for-stm32.13.3.rel1.linux64_1.0.0.202410170706/tools/bin/../lib/gcc/arm-none-eabi/13.3.1/thumb/v7e-m+fp/hard/libgcc.a(_dvmd_tls.o)
                0x08000500                __aeabi_ldiv0
                0x08000500                __aeabi_idiv0
 *(.text*)
 .text.HAL_ADC_ConvCpltCallback
                0x08000504       0x44 CMakeFiles/Pot_temp.dir/Core/Src/main.c.obj
                0x08000504                HAL_ADC_ConvCpltCallback
 .text.main     0x08000548       0x44 CMakeFiles/Pot_temp.dir/Core/Src/main.c.obj
                0x08000548                main
 .text.SystemClock_Config
                0x0800058c       0xd0 CMakeFiles/Pot_temp.dir/Core/Src/main.c.obj
                0x0800058c                SystemClock_Config
 .text.MX_ADC1_Init
                0x0800065c       0xdc CMakeFiles/Pot_temp.dir/Core/Src/main.c.obj
 .text.MX_DMA_Init
                0x08000738       0x40 CMakeFiles/Pot_temp.dir/Core/Src/main.c.obj
 .text.MX_GPIO_Init
                0x08000778       0xa4 CMakeFiles/Pot_temp.dir/Core/Src/main.c.obj
 .text.Error_Handler
                0x0800081c        0xc CMakeFiles/Pot_temp.dir/Core/Src/main.c.obj
                0x0800081c                Error_Handler
 .text.NMI_Handler
                0x08000828        0x8 CMakeFiles/Pot_temp.dir/Core/Src/stm32f4xx_it.c.obj
                0x08000828                NMI_Handler
 .text.HardFault_Handler
                0x08000830        0x8 CMakeFiles/Pot_temp.dir/Core/Src/stm32f4xx_it.c.obj
                0x08000830                HardFault_Handler
 .text.MemManage_Handler
                0x08000838        0x8 CMakeFiles/Pot_temp.dir/Core/Src/stm32f4xx_it.c.obj
                0x08000838                MemManage_Handler
 .text.BusFault_Handler
                0x08000840        0x8 CMakeFiles/Pot_temp.dir/Core/Src/stm32f4xx_it.c.obj
                0x08000840                BusFault_Handler
 .text.UsageFault_Handler
                0x08000848        0x8 CMakeFiles/Pot_temp.dir/Core/Src/stm32f4xx_it.c.obj
                0x08000848                UsageFault_Handler
 .text.SVC_Handler
                0x08000850        0xe CMakeFiles/Pot_temp.dir/Core/Src/stm32f4xx_it.c.obj
                0x08000850                SVC_Handler
 .text.DebugMon_Handler
                0x0800085e        0xe CMakeFiles/Pot_temp.dir/Core/Src/stm32f4xx_it.c.obj
                0x0800085e                DebugMon_Handler
 .text.PendSV_Handler
                0x0800086c        0xe CMakeFiles/Pot_temp.dir/Core/Src/stm32f4xx_it.c.obj
                0x0800086c                PendSV_Handler
 .text.SysTick_Handler
                0x0800087a        0xc CMakeFiles/Pot_temp.dir/Core/Src/stm32f4xx_it.c.obj
                0x0800087a                SysTick_Handler
 *fill*         0x08000886        0x2 
 .text.DMA2_Stream0_IRQHandler
                0x08000888       0x14 CMakeFiles/Pot_temp.dir/Core/Src/stm32f4xx_it.c.obj
                0x08000888                DMA2_Stream0_IRQHandler
 .text.HAL_MspInit
                0x0800089c       0x50 CMakeFiles/Pot_temp.dir/Core/Src/stm32f4xx_hal_msp.c.obj
                0x0800089c                HAL_MspInit
 .text.HAL_ADC_MspInit
                0x080008ec       0xf0 CMakeFiles/Pot_temp.dir/Core/Src/stm32f4xx_hal_msp.c.obj
                0x080008ec                HAL_ADC_MspInit
 .text.Reset_Handler
                0x080009dc       0x50 CMakeFiles/Pot_temp.dir/startup_stm32f411xe.s.obj
                0x080009dc                Reset_Handler
 .text.Default_Handler
                0x08000a2c        0x2 CMakeFiles/Pot_temp.dir/startup_stm32f411xe.s.obj
                0x08000a2c                RTC_Alarm_IRQHandler
                0x08000a2c                EXTI2_IRQHandler
                0x08000a2c                SPI4_IRQHandler
                0x08000a2c                TIM1_CC_IRQHandler
                0x08000a2c                DMA2_Stream5_IRQHandler
                0x08000a2c                DMA1_Stream5_IRQHandler
                0x08000a2c                PVD_IRQHandler
                0x08000a2c                SDIO_IRQHandler
                0x08000a2c                TAMP_STAMP_IRQHandler
                0x08000a2c                EXTI3_IRQHandler
                0x08000a2c                TIM1_UP_TIM10_IRQHandler
                0x08000a2c                I2C3_ER_IRQHandler
                0x08000a2c                EXTI0_IRQHandler
                0x08000a2c                I2C2_EV_IRQHandler
                0x08000a2c                DMA1_Stream2_IRQHandler
                0x08000a2c                FPU_IRQHandler
                0x08000a2c                DMA2_Stream2_IRQHandler
                0x08000a2c                SPI1_IRQHandler
                0x08000a2c                TIM1_BRK_TIM9_IRQHandler
                0x08000a2c                DMA2_Stream3_IRQHandler
                0x08000a2c                USART6_IRQHandler
                0x08000a2c                TIM4_IRQHandler
                0x08000a2c                I2C1_EV_IRQHandler
                0x08000a2c                DMA1_Stream6_IRQHandler
                0x08000a2c                DMA1_Stream1_IRQHandler
                0x08000a2c                TIM3_IRQHandler
                0x08000a2c                RCC_IRQHandler
                0x08000a2c                Default_Handler
                0x08000a2c                EXTI15_10_IRQHandler
                0x08000a2c                ADC_IRQHandler
                0x08000a2c                DMA1_Stream7_IRQHandler
                0x08000a2c                SPI5_IRQHandler
                0x08000a2c                TIM5_IRQHandler
                0x08000a2c                DMA2_Stream7_IRQHandler
                0x08000a2c                I2C3_EV_IRQHandler
                0x08000a2c                EXTI9_5_IRQHandler
                0x08000a2c                RTC_WKUP_IRQHandler
                0x08000a2c                SPI2_IRQHandler
                0x08000a2c                DMA1_Stream0_IRQHandler
                0x08000a2c                EXTI4_IRQHandler
                0x08000a2c                WWDG_IRQHandler
                0x08000a2c                TIM2_IRQHandler
                0x08000a2c                OTG_FS_WKUP_IRQHandler
                0x08000a2c                TIM1_TRG_COM_TIM11_IRQHandler
                0x08000a2c                EXTI1_IRQHandler
                0x08000a2c                USART2_IRQHandler
                0x08000a2c                I2C2_ER_IRQHandler
                0x08000a2c                DMA2_Stream1_IRQHandler
                0x08000a2c                FLASH_IRQHandler
                0x08000a2c                DMA2_Stream4_IRQHandler
                0x08000a2c                USART1_IRQHandler
                0x08000a2c                OTG_FS_IRQHandler
                0x08000a2c                SPI3_IRQHandler
                0x08000a2c                DMA1_Stream4_IRQHandler
                0x08000a2c                I2C1_ER_IRQHandler
                0x08000a2c                DMA2_Stream6_IRQHandler
                0x08000a2c                DMA1_Stream3_IRQHandler
 *fill*         0x08000a2e        0x2 
 .text.SystemInit
                0x08000a30       0x24 cmake/stm32cubemx/CMakeFiles/STM32_Drivers.dir/__/__/Core/Src/system_stm32f4xx.c.obj
                0x08000a30                SystemInit
 .text.HAL_ADC_Init
                0x08000a54       0x86 cmake/stm32cubemx/CMakeFiles/STM32_Drivers.dir/__/__/Drivers/STM32F4xx_HAL_Driver/Src/stm32f4xx_hal_adc.c.obj
                0x08000a54                HAL_ADC_Init
 *fill*         0x08000ada        0x2 
 .text.HAL_ADC_Start_DMA
                0x08000adc      0x1e8 cmake/stm32cubemx/CMakeFiles/STM32_Drivers.dir/__/__/Drivers/STM32F4xx_HAL_Driver/Src/stm32f4xx_hal_adc.c.obj
                0x08000adc                HAL_ADC_Start_DMA
 .text.HAL_ADC_ConvHalfCpltCallback
                0x08000cc4       0x14 cmake/stm32cubemx/CMakeFiles/STM32_Drivers.dir/__/__/Drivers/STM32F4xx_HAL_Driver/Src/stm32f4xx_hal_adc.c.obj
                0x08000cc4                HAL_ADC_ConvHalfCpltCallback
 .text.HAL_ADC_ErrorCallback
                0x08000cd8       0x14 cmake/stm32cubemx/CMakeFiles/STM32_Drivers.dir/__/__/Drivers/STM32F4xx_HAL_Driver/Src/stm32f4xx_hal_adc.c.obj
                0x08000cd8                HAL_ADC_ErrorCallback
 .text.HAL_ADC_ConfigChannel
                0x08000cec      0x264 cmake/stm32cubemx/CMakeFiles/STM32_Drivers.dir/__/__/Drivers/STM32F4xx_HAL_Driver/Src/stm32f4xx_hal_adc.c.obj
                0x08000cec                HAL_ADC_ConfigChannel
 .text.ADC_Init
                0x08000f50      0x1f8 cmake/stm32cubemx/CMakeFiles/STM32_Drivers.dir/__/__/Drivers/STM32F4xx_HAL_Driver/Src/stm32f4xx_hal_adc.c.obj
 .text.ADC_DMAConvCplt
                0x08001148       0xba cmake/stm32cubemx/CMakeFiles/STM32_Drivers.dir/__/__/Drivers/STM32F4xx_HAL_Driver/Src/stm32f4xx_hal_adc.c.obj
 .text.ADC_DMAHalfConvCplt
                0x08001202       0x1c cmake/stm32cubemx/CMakeFiles/STM32_Drivers.dir/__/__/Drivers/STM32F4xx_HAL_Driver/Src/stm32f4xx_hal_adc.c.obj
 .text.ADC_DMAError
                0x0800121e       0x2e cmake/stm32cubemx/CMakeFiles/STM32_Drivers.dir/__/__/Drivers/STM32F4xx_HAL_Driver/Src/stm32f4xx_hal_adc.c.obj
 .text.HAL_RCC_OscConfig
                0x0800124c      0x4f0 cmake/stm32cubemx/CMakeFiles/STM32_Drivers.dir/__/__/Drivers/STM32F4xx_HAL_Driver/Src/stm32f4xx_hal_rcc.c.obj
                0x0800124c                HAL_RCC_OscConfig
 .text.HAL_RCC_ClockConfig
                0x0800173c      0x1cc cmake/stm32cubemx/CMakeFiles/STM32_Drivers.dir/__/__/Drivers/STM32F4xx_HAL_Driver/Src/stm32f4xx_hal_rcc.c.obj
                0x0800173c                HAL_RCC_ClockConfig
 .text.HAL_RCC_GetSysClockFreq
                0x08001908      0x18c cmake/stm32cubemx/CMakeFiles/STM32_Drivers.dir/__/__/Drivers/STM32F4xx_HAL_Driver/Src/stm32f4xx_hal_rcc.c.obj
                0x08001908                HAL_RCC_GetSysClockFreq
 .text.HAL_GPIO_Init
                0x08001a94      0x308 cmake/stm32cubemx/CMakeFiles/STM32_Drivers.dir/__/__/Drivers/STM32F4xx_HAL_Driver/Src/stm32f4xx_hal_gpio.c.obj
                0x08001a94                HAL_GPIO_Init
 .text.HAL_GPIO_WritePin
                0x08001d9c       0x32 cmake/stm32cubemx/CMakeFiles/STM32_Drivers.dir/__/__/Drivers/STM32F4xx_HAL_Driver/Src/stm32f4xx_hal_gpio.c.obj
                0x08001d9c                HAL_GPIO_WritePin
 .text.HAL_GPIO_TogglePin
                0x08001dce       0x34 cmake/stm32cubemx/CMakeFiles/STM32_Drivers.dir/__/__/Drivers/STM32F4xx_HAL_Driver/Src/stm32f4xx_hal_gpio.c.obj
                0x08001dce                HAL_GPIO_TogglePin
 *fill*         0x08001e02        0x2 
 .text.HAL_DMA_Init
                0x08001e04      0x15c cmake/stm32cubemx/CMakeFiles/STM32_Drivers.dir/__/__/Drivers/STM32F4xx_HAL_Driver/Src/stm32f4xx_hal_dma.c.obj
                0x08001e04                HAL_DMA_Init
 .text.HAL_DMA_Start_IT
                0x08001f60       0xb0 cmake/stm32cubemx/CMakeFiles/STM32_Drivers.dir/__/__/Drivers/STM32F4xx_HAL_Driver/Src/stm32f4xx_hal_dma.c.obj
                0x08001f60                HAL_DMA_Start_IT
 .text.HAL_DMA_IRQHandler
                0x08002010      0x314 cmake/stm32cubemx/CMakeFiles/STM32_Drivers.dir/__/__/Drivers/STM32F4xx_HAL_Driver/Src/stm32f4xx_hal_dma.c.obj
                0x08002010                HAL_DMA_IRQHandler
 .text.DMA_SetConfig
                0x08002324       0x5c cmake/stm32cubemx/CMakeFiles/STM32_Drivers.dir/__/__/Drivers/STM32F4xx_HAL_Driver/Src/stm32f4xx_hal_dma.c.obj
 .text.DMA_CalcBaseAndBitshift
                0x08002380       0x6c cmake/stm32cubemx/CMakeFiles/STM32_Drivers.dir/__/__/Drivers/STM32F4xx_HAL_Driver/Src/stm32f4xx_hal_dma.c.obj
 .text.DMA_CheckFifoParam
                0x080023ec       0xf8 cmake/stm32cubemx/CMakeFiles/STM32_Drivers.dir/__/__/Drivers/STM32F4xx_HAL_Driver/Src/stm32f4xx_hal_dma.c.obj
 .text.__NVIC_SetPriorityGrouping
                0x080024e4       0x48 cmake/stm32cubemx/CMakeFiles/STM32_Drivers.dir/__/__/Drivers/STM32F4xx_HAL_Driver/Src/stm32f4xx_hal_cortex.c.obj
 .text.__NVIC_GetPriorityGrouping
                0x0800252c       0x1c cmake/stm32cubemx/CMakeFiles/STM32_Drivers.dir/__/__/Drivers/STM32F4xx_HAL_Driver/Src/stm32f4xx_hal_cortex.c.obj
 .text.__NVIC_EnableIRQ
                0x08002548       0x3c cmake/stm32cubemx/CMakeFiles/STM32_Drivers.dir/__/__/Drivers/STM32F4xx_HAL_Driver/Src/stm32f4xx_hal_cortex.c.obj
 .text.__NVIC_SetPriority
                0x08002584       0x54 cmake/stm32cubemx/CMakeFiles/STM32_Drivers.dir/__/__/Drivers/STM32F4xx_HAL_Driver/Src/stm32f4xx_hal_cortex.c.obj
 .text.NVIC_EncodePriority
                0x080025d8       0x66 cmake/stm32cubemx/CMakeFiles/STM32_Drivers.dir/__/__/Drivers/STM32F4xx_HAL_Driver/Src/stm32f4xx_hal_cortex.c.obj
 *fill*         0x0800263e        0x2 
 .text.SysTick_Config
                0x08002640       0x44 cmake/stm32cubemx/CMakeFiles/STM32_Drivers.dir/__/__/Drivers/STM32F4xx_HAL_Driver/Src/stm32f4xx_hal_cortex.c.obj
 .text.HAL_NVIC_SetPriorityGrouping
                0x08002684       0x16 cmake/stm32cubemx/CMakeFiles/STM32_Drivers.dir/__/__/Drivers/STM32F4xx_HAL_Driver/Src/stm32f4xx_hal_cortex.c.obj
                0x08002684                HAL_NVIC_SetPriorityGrouping
 .text.HAL_NVIC_SetPriority
                0x0800269a       0x38 cmake/stm32cubemx/CMakeFiles/STM32_Drivers.dir/__/__/Drivers/STM32F4xx_HAL_Driver/Src/stm32f4xx_hal_cortex.c.obj
                0x0800269a                HAL_NVIC_SetPriority
 .text.HAL_NVIC_EnableIRQ
                0x080026d2       0x1c cmake/stm32cubemx/CMakeFiles/STM32_Drivers.dir/__/__/Drivers/STM32F4xx_HAL_Driver/Src/stm32f4xx_hal_cortex.c.obj
                0x080026d2                HAL_NVIC_EnableIRQ
 .text.HAL_SYSTICK_Config
                0x080026ee       0x18 cmake/stm32cubemx/CMakeFiles/STM32_Drivers.dir/__/__/Drivers/STM32F4xx_HAL_Driver/Src/stm32f4xx_hal_cortex.c.obj
                0x080026ee                HAL_SYSTICK_Config
 *fill*         0x08002706        0x2 
 .text.HAL_Init
                0x08002708       0x44 cmake/stm32cubemx/CMakeFiles/STM32_Drivers.dir/__/__/Drivers/STM32F4xx_HAL_Driver/Src/stm32f4xx_hal.c.obj
                0x08002708                HAL_Init
 .text.HAL_InitTick
                0x0800274c       0x60 cmake/stm32cubemx/CMakeFiles/STM32_Drivers.dir/__/__/Drivers/STM32F4xx_HAL_Driver/Src/stm32f4xx_hal.c.obj
                0x0800274c                HAL_InitTick
 .text.HAL_IncTick
                0x080027ac       0x28 cmake/stm32cubemx/CMakeFiles/STM32_Drivers.dir/__/__/Drivers/STM32F4xx_HAL_Driver/Src/stm32f4xx_hal.c.obj
                0x080027ac                HAL_IncTick
 .text.HAL_GetTick
                0x080027d4       0x18 cmake/stm32cubemx/CMakeFiles/STM32_Drivers.dir/__/__/Drivers/STM32F4xx_HAL_Driver/Src/stm32f4xx_hal.c.obj
                0x080027d4                HAL_GetTick
 .text.HAL_Delay
                0x080027ec       0x48 cmake/stm32cubemx/CMakeFiles/STM32_Drivers.dir/__/__/Drivers/STM32F4xx_HAL_Driver/Src/stm32f4xx_hal.c.obj
                0x080027ec                HAL_Delay
 .text.memset   0x08002834       0x10 /opt/st/stm32cubeide_1.19.0_2/plugins/com.st.stm32cube.ide.mcu.externaltools.gnu-tools-for-stm32.13.3.rel1.linux64_1.0.0.202410170706/tools/bin/../lib/gcc/arm-none-eabi/13.3.1/../../../../arm-none-eabi/lib/thumb/v7e-m+fp/hard/libg_nano.a(libc_a-memset.o)
                0x08002834                memset
 .text.__libc_init_array
                0x08002844       0x48 /opt/st/stm32cubeide_1.19.0_2/plugins/com.st.stm32cube.ide.mcu.externaltools.gnu-tools-for-stm32.13.3.rel1.linux64_1.0.0.202410170706/tools/bin/../lib/gcc/arm-none-eabi/13.3.1/../../../../arm-none-eabi/lib/thumb/v7e-m+fp/hard/libg_nano.a(libc_a-init.o)
                0x08002844                __libc_init_array
 *(.glue_7)
 .glue_7        0x0800288c        0x0 linker stubs
 *(.glue_7t)
 .glue_7t       0x0800288c        0x0 linker stubs
 *(.eh_frame)
 .eh_frame      0x0800288c        0x0 /opt/st/stm32cubeide_1.19.0_2/plugins/com.st.stm32cube.ide.mcu.externaltools.gnu-tools-for-stm32.13.3.rel1.linux64_1.0.0.202410170706/tools/bin/../lib/gcc/arm-none-eabi/13.3.1/thumb/v7e-m+fp/hard/crtbegin.o
 *(.init)
 .init          0x0800288c        0x4 /opt/st/stm32cubeide_1.19.0_2/plugins/com.st.stm32cube.ide.mcu.externaltools.gnu-tools-for-stm32.13.3.rel1.linux64_1.0.0.202410170706/tools/bin/../lib/gcc/arm-none-eabi/13.3.1/thumb/v7e-m+fp/hard/crti.o
                0x0800288c                _init
 .init          0x08002890        0x8 /opt/st/stm32cubeide_1.19.0_2/plugins/com.st.stm32cube.ide.mcu.externaltools.gnu-tools-for-stm32.13.3.rel1.linux64_1.0.0.202410170706/tools/bin/../lib/gcc/arm-none-eabi/13.3.1/thumb/v7e-m+fp/hard/crtn.o
 *(.fini)
 .fini          0x08002898        0x4 /opt/st/stm32cubeide_1.19.0_2/plugins/com.st.stm32cube.ide.mcu.externaltools.gnu-tools-for-stm32.13.3.rel1.linux64_1.0.0.202410170706/tools/bin/../lib/gcc/arm-none-eabi/13.3.1/thumb/v7e-m+fp/hard/crti.o
                0x08002898                _fini
 .fini          0x0800289c        0x8 /opt/st/stm32cubeide_1.19.0_2/plugins/com.st.stm32cube.ide.mcu.externaltools.gnu-tools-for-stm32.13.3.rel1.linux64_1.0.0.202410170706/tools/bin/../lib/gcc/arm-none-eabi/13.3.1/thumb/v7e-m+fp/hard/crtn.o
                0x080028a4                        . = ALIGN (0x4)
                0x080028a4                        _etext = .

.vfp11_veneer   0x080028a4        0x0
 .vfp11_veneer  0x080028a4        0x0 linker stubs

.v4_bx          0x080028a4        0x0
 .v4_bx         0x080028a4        0x0 linker stubs

.iplt           0x080028a4        0x0
 .iplt          0x080028a4        0x0 /opt/st/stm32cubeide_1.19.0_2/plugins/com.st.stm32cube.ide.mcu.externaltools.gnu-tools-for-stm32.13.3.rel1.linux64_1.0.0.202410170706/tools/bin/../lib/gcc/arm-none-eabi/13.3.1/thumb/v7e-m+fp/hard/crtbegin.o

.rodata         0x080028a4       0x18
                0x080028a4                        . = ALIGN (0x4)
 *(.rodata)
 *(.rodata*)
 .rodata.AHBPrescTable
                0x080028a4       0x10 cmake/stm32cubemx/CMakeFiles/STM32_Drivers.dir/__/__/Core/Src/system_stm32f4xx.c.obj
                0x080028a4                AHBPrescTable
 .rodata.flagBitshiftOffset.0
                0x080028b4        0x8 cmake/stm32cubemx/CMakeFiles/STM32_Drivers.dir/__/__/Drivers/STM32F4xx_HAL_Driver/Src/stm32f4xx_hal_dma.c.obj
                0x080028bc                        . = ALIGN (0x4)

.ARM.extab      0x080028bc        0x0
                0x080028bc                        . = ALIGN (0x4)
 *(.ARM.extab* .gnu.linkonce.armextab.*)
                0x080028bc                        . = ALIGN (0x4)

.ARM            0x080028bc        0x8
                0x080028bc                        . = ALIGN (0x4)
                0x080028bc                        __exidx_start = .
 *(.ARM.exidx*)
 .ARM.exidx     0x080028bc        0x8 /opt/st/stm32cubeide_1.19.0_2/plugins/com.st.stm32cube.ide.mcu.externaltools.gnu-tools-for-stm32.13.3.rel1.linux64_1.0.0.202410170706/tools/bin/../lib/gcc/arm-none-eabi/13.3.1/thumb/v7e-m+fp/hard/libgcc.a(_udivmoddi4.o)
                0x080028c4                        __exidx_end = .
                0x080028c4                        . = ALIGN (0x4)

.preinit_array  0x080028c4        0x0
                0x080028c4                        . = ALIGN (0x4)
                0x080028c4                        PROVIDE (__preinit_array_start = .)
 *(.preinit_array*)
                0x080028c4                        PROVIDE (__preinit_array_end = .)
                0x080028c4                        . = ALIGN (0x4)

.init_array     0x080028c4        0x4
                0x080028c4                        . = ALIGN (0x4)
                0x080028c4                        PROVIDE (__init_array_start = .)
 *(SORT_BY_NAME(.init_array.*))
 *(.init_array*)
 .init_array    0x080028c4        0x4 /opt/st/stm32cubeide_1.19.0_2/plugins/com.st.stm32cube.ide.mcu.externaltools.gnu-tools-for-stm32.13.3.rel1.linux64_1.0.0.202410170706/tools/bin/../lib/gcc/arm-none-eabi/13.3.1/thumb/v7e-m+fp/hard/crtbegin.o
                0x080028c8                        PROVIDE (__init_array_end = .)
                0x080028c8                        . = ALIGN (0x4)

.fini_array     0x080028c8        0x4
                0x080028c8                        . = ALIGN (0x4)
                [!provide]                        PROVIDE (__fini_array_start = .)
 *(SORT_BY_NAME(.fini_array.*))
 *(.fini_array*)
 .fini_array    0x080028c8        0x4 /opt/st/stm32cubeide_1.19.0_2/plugins/com.st.stm32cube.ide.mcu.externaltools.gnu-tools-for-stm32.13.3.rel1.linux64_1.0.0.202410170706/tools/bin/../lib/gcc/arm-none-eabi/13.3.1/thumb/v7e-m+fp/hard/crtbegin.o
                [!provide]                        PROVIDE (__fini_array_end = .)
                0x080028cc                        . = ALIGN (0x4)
                0x080028cc                        _sidata = LOADADDR (.data)

.rel.dyn        0x080028cc        0x0
 .rel.iplt      0x080028cc        0x0 /opt/st/stm32cubeide_1.19.0_2/plugins/com.st.stm32cube.ide.mcu.externaltools.gnu-tools-for-stm32.13.3.rel1.linux64_1.0.0.202410170706/tools/bin/../lib/gcc/arm-none-eabi/13.3.1/thumb/v7e-m+fp/hard/crtbegin.o

.data           0x20000000        0xc load address 0x080028cc
                0x20000000                        . = ALIGN (0x4)
                0x20000000                        _sdata = .
 *(.data)
 *(.data*)
 .data.SystemCoreClock
                0x20000000        0x4 cmake/stm32cubemx/CMakeFiles/STM32_Drivers.dir/__/__/Core/Src/system_stm32f4xx.c.obj
                0x20000000                SystemCoreClock
 .data.uwTickPrio
                0x20000004        0x4 cmake/stm32cubemx/CMakeFiles/STM32_Drivers.dir/__/__/Drivers/STM32F4xx_HAL_Driver/Src/stm32f4xx_hal.c.obj
                0x20000004                uwTickPrio
 .data.uwTickFreq
                0x20000008        0x1 cmake/stm32cubemx/CMakeFiles/STM32_Drivers.dir/__/__/Drivers/STM32F4xx_HAL_Driver/Src/stm32f4xx_hal.c.obj
                0x20000008                uwTickFreq
 *(.RamFunc)
 *(.RamFunc*)
                0x2000000c                        . = ALIGN (0x4)
 *fill*         0x20000009        0x3 

.igot.plt       0x2000000c        0x0 load address 0x080028d8
 .igot.plt      0x2000000c        0x0 /opt/st/stm32cubeide_1.19.0_2/plugins/com.st.stm32cube.ide.mcu.externaltools.gnu-tools-for-stm32.13.3.rel1.linux64_1.0.0.202410170706/tools/bin/../lib/gcc/arm-none-eabi/13.3.1/thumb/v7e-m+fp/hard/crtbegin.o

.tdata          0x2000000c        0x0 load address 0x080028d8
 *(.tdata .tdata.* .gnu.linkonce.td.*)
                0x2000000c                        . = ALIGN (0x4)
                0x2000000c                        _edata = .
                [!provide]                        PROVIDE (__data_end = .)
                [!provide]                        PROVIDE (__tdata_end = .)
                [!provide]                        PROVIDE (__tdata_start = ADDR (.tdata))
                [!provide]                        PROVIDE (__tdata_size = (__tdata_end - __tdata_start))
                [!provide]                        PROVIDE (__data_start = ADDR (.data))
                [!provide]                        PROVIDE (__data_size = (__data_end - __data_start))
                [!provide]                        PROVIDE (__tdata_source = LOADADDR (.tdata))
                [!provide]                        PROVIDE (__tdata_source_end = (LOADADDR (.tdata) + SIZEOF (.tdata)))
                [!provide]                        PROVIDE (__tdata_source_size = (__tdata_source_end - __tdata_source))
                [!provide]                        PROVIDE (__data_source = LOADADDR (.data))
                [!provide]                        PROVIDE (__data_source_end = __tdata_source_end)
                [!provide]                        PROVIDE (__data_source_size = (__data_source_end - __data_source))

.tbss           0x2000000c        0x0 load address 0x080028d8
                0x2000000c                        _sbss = .
                0x2000000c                        __bss_start__ = _sbss
 *(.tbss .tbss.*)
                0x2000000c                        . = ALIGN (0x4)
                [!provide]                        PROVIDE (__tbss_end = .)
                [!provide]                        PROVIDE (__tbss_start = ADDR (.tbss))
                [!provide]                        PROVIDE (__tbss_size = (__tbss_end - __tbss_start))
                [!provide]                        PROVIDE (__tbss_offset = (ADDR (.tbss) - ADDR (.tdata)))
                [!provide]                        PROVIDE (__tls_base = __tdata_start)
                [!provide]                        PROVIDE (__tls_end = __tbss_end)
                [!provide]                        PROVIDE (__tls_size = (__tls_end - __tls_base))
                [!provide]                        PROVIDE (__tls_align = MAX (ALIGNOF (.tdata), ALIGNOF (.tbss)))
                [!provide]                        PROVIDE (__tls_size_align = (((__tls_size + __tls_align) - 0x1) & ~ ((__tls_align - 0x1))))
                [!provide]                        PROVIDE (__arm32_tls_tcb_offset = MAX (0x8, __tls_align))
                [!provide]                        PROVIDE (__arm64_tls_tcb_offset = MAX (0x10, __tls_align))

.bss            0x2000000c       0xd4 load address 0x080028d8
 *(.bss)
 .bss           0x2000000c       0x1c /opt/st/stm32cubeide_1.19.0_2/plugins/com.st.stm32cube.ide.mcu.externaltools.gnu-tools-for-stm32.13.3.rel1.linux64_1.0.0.202410170706/tools/bin/../lib/gcc/arm-none-eabi/13.3.1/thumb/v7e-m+fp/hard/crtbegin.o
 *(.bss*)
 .bss.hadc1     0x20000028       0x48 CMakeFiles/Pot_temp.dir/Core/Src/main.c.obj
                0x20000028                hadc1
 .bss.hdma_adc1
                0x20000070       0x60 CMakeFiles/Pot_temp.dir/Core/Src/main.c.obj
                0x20000070                hdma_adc1
 .bss.values    0x200000d0        0x6 CMakeFiles/Pot_temp.dir/Core/Src/main.c.obj
                0x200000d0                values
 .bss.x         0x200000d6        0x2 CMakeFiles/Pot_temp.dir/Core/Src/main.c.obj
                0x200000d6                x
 .bss.y         0x200000d8        0x2 CMakeFiles/Pot_temp.dir/Core/Src/main.c.obj
                0x200000d8                y
 .bss.z         0x200000da        0x2 CMakeFiles/Pot_temp.dir/Core/Src/main.c.obj
                0x200000da                z
 .bss.uwTick    0x200000dc        0x4 cmake/stm32cubemx/CMakeFiles/STM32_Drivers.dir/__/__/Drivers/STM32F4xx_HAL_Driver/Src/stm32f4xx_hal.c.obj
                0x200000dc                uwTick
 *(COMMON)
                0x200000e0                        . = ALIGN (0x4)
                0x200000e0                        _ebss = .
                0x200000e0                        __bss_end__ = _ebss
                [!provide]                        PROVIDE (__bss_end = .)
                [!provide]                        PROVIDE (__non_tls_bss_start = ADDR (.bss))
                [!provide]                        PROVIDE (__bss_start = __tbss_start)
                [!provide]                        PROVIDE (__bss_size = (__bss_end - __bss_start))

._user_heap_stack
                0x200000e0      0x600 load address 0x080028d8
                0x200000e0                        . = ALIGN (0x8)
                [!provide]                        PROVIDE (end = .)
                0x200000e0                        PROVIDE (_end = .)
                0x200002e0                        . = (. + _Min_Heap_Size)
 *fill*         0x200000e0      0x200 
                0x200006e0                        . = (. + _Min_Stack_Size)
 *fill*         0x200002e0      0x400 
                0x200006e0                        . = ALIGN (0x8)

/DISCARD/
 libc.a:*(*)
 libm.a:*(*)
 libgcc.a:*(*)
OUTPUT(Pot_temp.elf elf32-littlearm)
LOAD linker stubs

.ARM.attributes
                0x00000000       0x30
 .ARM.attributes
                0x00000000       0x22 /opt/st/stm32cubeide_1.19.0_2/plugins/com.st.stm32cube.ide.mcu.externaltools.gnu-tools-for-stm32.13.3.rel1.linux64_1.0.0.202410170706/tools/bin/../lib/gcc/arm-none-eabi/13.3.1/thumb/v7e-m+fp/hard/crti.o
 .ARM.attributes
                0x00000022       0x34 /opt/st/stm32cubeide_1.19.0_2/plugins/com.st.stm32cube.ide.mcu.externaltools.gnu-tools-for-stm32.13.3.rel1.linux64_1.0.0.202410170706/tools/bin/../lib/gcc/arm-none-eabi/13.3.1/thumb/v7e-m+fp/hard/crtbegin.o
 .ARM.attributes
                0x00000056       0x34 CMakeFiles/Pot_temp.dir/Core/Src/main.c.obj
 .ARM.attributes
                0x0000008a       0x34 CMakeFiles/Pot_temp.dir/Core/Src/stm32f4xx_it.c.obj
 .ARM.attributes
                0x000000be       0x34 CMakeFiles/Pot_temp.dir/Core/Src/stm32f4xx_hal_msp.c.obj
 .ARM.attributes
                0x000000f2       0x21 CMakeFiles/Pot_temp.dir/startup_stm32f411xe.s.obj
 .ARM.attributes
                0x00000113       0x34 cmake/stm32cubemx/CMakeFiles/STM32_Drivers.dir/__/__/Core/Src/system_stm32f4xx.c.obj
 .ARM.attributes
                0x00000147       0x34 cmake/stm32cubemx/CMakeFiles/STM32_Drivers.dir/__/__/Drivers/STM32F4xx_HAL_Driver/Src/stm32f4xx_hal_adc.c.obj
 .ARM.attributes
                0x0000017b       0x34 cmake/stm32cubemx/CMakeFiles/STM32_Drivers.dir/__/__/Drivers/STM32F4xx_HAL_Driver/Src/stm32f4xx_hal_rcc.c.obj
 .ARM.attributes
                0x000001af       0x34 cmake/stm32cubemx/CMakeFiles/STM32_Drivers.dir/__/__/Drivers/STM32F4xx_HAL_Driver/Src/stm32f4xx_hal_gpio.c.obj
 .ARM.attributes
                0x000001e3       0x34 cmake/stm32cubemx/CMakeFiles/STM32_Drivers.dir/__/__/Drivers/STM32F4xx_HAL_Driver/Src/stm32f4xx_hal_dma.c.obj
 .ARM.attributes
                0x00000217       0x34 cmake/stm32cubemx/CMakeFiles/STM32_Drivers.dir/__/__/Drivers/STM32F4xx_HAL_Driver/Src/stm32f4xx_hal_cortex.c.obj
 .ARM.attributes
                0x0000024b       0x34 cmake/stm32cubemx/CMakeFiles/STM32_Drivers.dir/__/__/Drivers/STM32F4xx_HAL_Driver/Src/stm32f4xx_hal.c.obj
 .ARM.attributes
                0x0000027f       0x22 /opt/st/stm32cubeide_1.19.0_2/plugins/com.st.stm32cube.ide.mcu.externaltools.gnu-tools-for-stm32.13.3.rel1.linux64_1.0.0.202410170706/tools/bin/../lib/gcc/arm-none-eabi/13.3.1/thumb/v7e-m+fp/hard/libgcc.a(_aeabi_uldivmod.o)
 .ARM.attributes
                0x000002a1       0x34 /opt/st/stm32cubeide_1.19.0_2/plugins/com.st.stm32cube.ide.mcu.externaltools.gnu-tools-for-stm32.13.3.rel1.linux64_1.0.0.202410170706/tools/bin/../lib/gcc/arm-none-eabi/13.3.1/thumb/v7e-m+fp/hard/libgcc.a(_udivmoddi4.o)
 .ARM.attributes
                0x000002d5       0x22 /opt/st/stm32cubeide_1.19.0_2/plugins/com.st.stm32cube.ide.mcu.externaltools.gnu-tools-for-stm32.13.3.rel1.linux64_1.0.0.202410170706/tools/bin/../lib/gcc/arm-none-eabi/13.3.1/thumb/v7e-m+fp/hard/libgcc.a(_dvmd_tls.o)
 .ARM.attributes
                0x000002f7       0x34 /opt/st/stm32cubeide_1.19.0_2/plugins/com.st.stm32cube.ide.mcu.externaltools.gnu-tools-for-stm32.13.3.rel1.linux64_1.0.0.202410170706/tools/bin/../lib/gcc/arm-none-eabi/13.3.1/../../../../arm-none-eabi/lib/thumb/v7e-m+fp/hard/libg_nano.a(libc_a-memset.o)
 .ARM.attributes
                0x0000032b       0x34 /opt/st/stm32cubeide_1.19.0_2/plugins/com.st.stm32cube.ide.mcu.externaltools.gnu-tools-for-stm32.13.3.rel1.linux64_1.0.0.202410170706/tools/bin/../lib/gcc/arm-none-eabi/13.3.1/../../../../arm-none-eabi/lib/thumb/v7e-m+fp/hard/libg_nano.a(libc_a-init.o)
 .ARM.attributes
                0x0000035f       0x22 /opt/st/stm32cubeide_1.19.0_2/plugins/com.st.stm32cube.ide.mcu.externaltools.gnu-tools-for-stm32.13.3.rel1.linux64_1.0.0.202410170706/tools/bin/../lib/gcc/arm-none-eabi/13.3.1/thumb/v7e-m+fp/hard/crtn.o

.comment        0x00000000       0x43
 .comment       0x00000000       0x43 CMakeFiles/Pot_temp.dir/Core/Src/main.c.obj
                                 0x44 (size before relaxing)
 .comment       0x00000043       0x44 CMakeFiles/Pot_temp.dir/Core/Src/stm32f4xx_it.c.obj
 .comment       0x00000043       0x44 CMakeFiles/Pot_temp.dir/Core/Src/stm32f4xx_hal_msp.c.obj
 .comment       0x00000043       0x44 cmake/stm32cubemx/CMakeFiles/STM32_Drivers.dir/__/__/Core/Src/system_stm32f4xx.c.obj
 .comment       0x00000043       0x44 cmake/stm32cubemx/CMakeFiles/STM32_Drivers.dir/__/__/Drivers/STM32F4xx_HAL_Driver/Src/stm32f4xx_hal_adc.c.obj
 .comment       0x00000043       0x44 cmake/stm32cubemx/CMakeFiles/STM32_Drivers.dir/__/__/Drivers/STM32F4xx_HAL_Driver/Src/stm32f4xx_hal_rcc.c.obj
 .comment       0x00000043       0x44 cmake/stm32cubemx/CMakeFiles/STM32_Drivers.dir/__/__/Drivers/STM32F4xx_HAL_Driver/Src/stm32f4xx_hal_gpio.c.obj
 .comment       0x00000043       0x44 cmake/stm32cubemx/CMakeFiles/STM32_Drivers.dir/__/__/Drivers/STM32F4xx_HAL_Driver/Src/stm32f4xx_hal_dma.c.obj
 .comment       0x00000043       0x44 cmake/stm32cubemx/CMakeFiles/STM32_Drivers.dir/__/__/Drivers/STM32F4xx_HAL_Driver/Src/stm32f4xx_hal_cortex.c.obj
 .comment       0x00000043       0x44 cmake/stm32cubemx/CMakeFiles/STM32_Drivers.dir/__/__/Drivers/STM32F4xx_HAL_Driver/Src/stm32f4xx_hal.c.obj
 .comment       0x00000043       0x44 /opt/st/stm32cubeide_1.19.0_2/plugins/com.st.stm32cube.ide.mcu.externaltools.gnu-tools-for-stm32.13.3.rel1.linux64_1.0.0.202410170706/tools/bin/../lib/gcc/arm-none-eabi/13.3.1/../../../../arm-none-eabi/lib/thumb/v7e-m+fp/hard/libg_nano.a(libc_a-memset.o)
 .comment       0x00000043       0x44 /opt/st/stm32cubeide_1.19.0_2/plugins/com.st.stm32cube.ide.mcu.externaltools.gnu-tools-for-stm32.13.3.rel1.linux64_1.0.0.202410170706/tools/bin/../lib/gcc/arm-none-eabi/13.3.1/../../../../arm-none-eabi/lib/thumb/v7e-m+fp/hard/libg_nano.a(libc_a-init.o)

.debug_info     0x00000000     0x5f52
 .debug_info    0x00000000      0xf2c CMakeFiles/Pot_temp.dir/Core/Src/main.c.obj
 .debug_info    0x00000f2c      0x3bf CMakeFiles/Pot_temp.dir/Core/Src/stm32f4xx_it.c.obj
 .debug_info    0x000012eb      0x98b CMakeFiles/Pot_temp.dir/Core/Src/stm32f4xx_hal_msp.c.obj
 .debug_info    0x00001c76       0x30 CMakeFiles/Pot_temp.dir/startup_stm32f411xe.s.obj
 .debug_info    0x00001ca6      0x53e cmake/stm32cubemx/CMakeFiles/STM32_Drivers.dir/__/__/Core/Src/system_stm32f4xx.c.obj
 .debug_info    0x000021e4      0xce0 cmake/stm32cubemx/CMakeFiles/STM32_Drivers.dir/__/__/Drivers/STM32F4xx_HAL_Driver/Src/stm32f4xx_hal_adc.c.obj
 .debug_info    0x00002ec4      0x904 cmake/stm32cubemx/CMakeFiles/STM32_Drivers.dir/__/__/Drivers/STM32F4xx_HAL_Driver/Src/stm32f4xx_hal_rcc.c.obj
 .debug_info    0x000037c8      0x6f9 cmake/stm32cubemx/CMakeFiles/STM32_Drivers.dir/__/__/Drivers/STM32F4xx_HAL_Driver/Src/stm32f4xx_hal_gpio.c.obj
 .debug_info    0x00003ec1      0x8e6 cmake/stm32cubemx/CMakeFiles/STM32_Drivers.dir/__/__/Drivers/STM32F4xx_HAL_Driver/Src/stm32f4xx_hal_dma.c.obj
 .debug_info    0x000047a7      0xcfc cmake/stm32cubemx/CMakeFiles/STM32_Drivers.dir/__/__/Drivers/STM32F4xx_HAL_Driver/Src/stm32f4xx_hal_cortex.c.obj
 .debug_info    0x000054a3      0x8c4 cmake/stm32cubemx/CMakeFiles/STM32_Drivers.dir/__/__/Drivers/STM32F4xx_HAL_Driver/Src/stm32f4xx_hal.c.obj
 .debug_info    0x00005d67       0xe0 /opt/st/stm32cubeide_1.19.0_2/plugins/com.st.stm32cube.ide.mcu.externaltools.gnu-tools-for-stm32.13.3.rel1.linux64_1.0.0.202410170706/tools/bin/../lib/gcc/arm-none-eabi/13.3.1/../../../../arm-none-eabi/lib/thumb/v7e-m+fp/hard/libg_nano.a(libc_a-memset.o)
 .debug_info    0x00005e47      0x10b /opt/st/stm32cubeide_1.19.0_2/plugins/com.st.stm32cube.ide.mcu.externaltools.gnu-tools-for-stm32.13.3.rel1.linux64_1.0.0.202410170706/tools/bin/../lib/gcc/arm-none-eabi/13.3.1/../../../../arm-none-eabi/lib/thumb/v7e-m+fp/hard/libg_nano.a(libc_a-init.o)

.debug_abbrev   0x00000000     0x169c
 .debug_abbrev  0x00000000      0x2bc CMakeFiles/Pot_temp.dir/Core/Src/main.c.obj
 .debug_abbrev  0x000002bc      0x138 CMakeFiles/Pot_temp.dir/Core/Src/stm32f4xx_it.c.obj
 .debug_abbrev  0x000003f4      0x1e3 CMakeFiles/Pot_temp.dir/Core/Src/stm32f4xx_hal_msp.c.obj
 .debug_abbrev  0x000005d7       0x24 CMakeFiles/Pot_temp.dir/startup_stm32f411xe.s.obj
 .debug_abbrev  0x000005fb      0x11a cmake/stm32cubemx/CMakeFiles/STM32_Drivers.dir/__/__/Core/Src/system_stm32f4xx.c.obj
 .debug_abbrev  0x00000715      0x20e cmake/stm32cubemx/CMakeFiles/STM32_Drivers.dir/__/__/Drivers/STM32F4xx_HAL_Driver/Src/stm32f4xx_hal_adc.c.obj
 .debug_abbrev  0x00000923      0x2b6 cmake/stm32cubemx/CMakeFiles/STM32_Drivers.dir/__/__/Drivers/STM32F4xx_HAL_Driver/Src/stm32f4xx_hal_rcc.c.obj
 .debug_abbrev  0x00000bd9      0x1d3 cmake/stm32cubemx/CMakeFiles/STM32_Drivers.dir/__/__/Drivers/STM32F4xx_HAL_Driver/Src/stm32f4xx_hal_gpio.c.obj
 .debug_abbrev  0x00000dac      0x221 cmake/stm32cubemx/CMakeFiles/STM32_Drivers.dir/__/__/Drivers/STM32F4xx_HAL_Driver/Src/stm32f4xx_hal_dma.c.obj
 .debug_abbrev  0x00000fcd      0x31d cmake/stm32cubemx/CMakeFiles/STM32_Drivers.dir/__/__/Drivers/STM32F4xx_HAL_Driver/Src/stm32f4xx_hal_cortex.c.obj
 .debug_abbrev  0x000012ea      0x24b cmake/stm32cubemx/CMakeFiles/STM32_Drivers.dir/__/__/Drivers/STM32F4xx_HAL_Driver/Src/stm32f4xx_hal.c.obj
 .debug_abbrev  0x00001535       0x9e /opt/st/stm32cubeide_1.19.0_2/plugins/com.st.stm32cube.ide.mcu.externaltools.gnu-tools-for-stm32.13.3.rel1.linux64_1.0.0.202410170706/tools/bin/../lib/gcc/arm-none-eabi/13.3.1/../../../../arm-none-eabi/lib/thumb/v7e-m+fp/hard/libg_nano.a(libc_a-memset.o)
 .debug_abbrev  0x000015d3       0xc9 /opt/st/stm32cubeide_1.19.0_2/plugins/com.st.stm32cube.ide.mcu.externaltools.gnu-tools-for-stm32.13.3.rel1.linux64_1.0.0.202410170706/tools/bin/../lib/gcc/arm-none-eabi/13.3.1/../../../../arm-none-eabi/lib/thumb/v7e-m+fp/hard/libg_nano.a(libc_a-init.o)

.debug_aranges  0x00000000      0x5f0
 .debug_aranges
                0x00000000       0x50 CMakeFiles/Pot_temp.dir/Core/Src/main.c.obj
 .debug_aranges
                0x00000050       0x68 CMakeFiles/Pot_temp.dir/Core/Src/stm32f4xx_it.c.obj
 .debug_aranges
                0x000000b8       0x30 CMakeFiles/Pot_temp.dir/Core/Src/stm32f4xx_hal_msp.c.obj
 .debug_aranges
                0x000000e8       0x28 CMakeFiles/Pot_temp.dir/startup_stm32f411xe.s.obj
 .debug_aranges
                0x00000110       0x28 cmake/stm32cubemx/CMakeFiles/STM32_Drivers.dir/__/__/Core/Src/system_stm32f4xx.c.obj
 .debug_aranges
                0x00000138       0xe8 cmake/stm32cubemx/CMakeFiles/STM32_Drivers.dir/__/__/Drivers/STM32F4xx_HAL_Driver/Src/stm32f4xx_hal_adc.c.obj
 .debug_aranges
                0x00000220       0x88 cmake/stm32cubemx/CMakeFiles/STM32_Drivers.dir/__/__/Drivers/STM32F4xx_HAL_Driver/Src/stm32f4xx_hal_rcc.c.obj
 .debug_aranges
                0x000002a8       0x58 cmake/stm32cubemx/CMakeFiles/STM32_Drivers.dir/__/__/Drivers/STM32F4xx_HAL_Driver/Src/stm32f4xx_hal_gpio.c.obj
 .debug_aranges
                0x00000300       0x90 cmake/stm32cubemx/CMakeFiles/STM32_Drivers.dir/__/__/Drivers/STM32F4xx_HAL_Driver/Src/stm32f4xx_hal_dma.c.obj
 .debug_aranges
                0x00000390      0x130 cmake/stm32cubemx/CMakeFiles/STM32_Drivers.dir/__/__/Drivers/STM32F4xx_HAL_Driver/Src/stm32f4xx_hal_cortex.c.obj
 .debug_aranges
                0x000004c0       0xf0 cmake/stm32cubemx/CMakeFiles/STM32_Drivers.dir/__/__/Drivers/STM32F4xx_HAL_Driver/Src/stm32f4xx_hal.c.obj
 .debug_aranges
                0x000005b0       0x20 /opt/st/stm32cubeide_1.19.0_2/plugins/com.st.stm32cube.ide.mcu.externaltools.gnu-tools-for-stm32.13.3.rel1.linux64_1.0.0.202410170706/tools/bin/../lib/gcc/arm-none-eabi/13.3.1/../../../../arm-none-eabi/lib/thumb/v7e-m+fp/hard/libg_nano.a(libc_a-memset.o)
 .debug_aranges
                0x000005d0       0x20 /opt/st/stm32cubeide_1.19.0_2/plugins/com.st.stm32cube.ide.mcu.externaltools.gnu-tools-for-stm32.13.3.rel1.linux64_1.0.0.202410170706/tools/bin/../lib/gcc/arm-none-eabi/13.3.1/../../../../arm-none-eabi/lib/thumb/v7e-m+fp/hard/libg_nano.a(libc_a-init.o)

.debug_rnglists
                0x00000000      0x455
 .debug_rnglists
                0x00000000       0x3a CMakeFiles/Pot_temp.dir/Core/Src/main.c.obj
 .debug_rnglists
                0x0000003a       0x49 CMakeFiles/Pot_temp.dir/Core/Src/stm32f4xx_it.c.obj
 .debug_rnglists
                0x00000083       0x20 CMakeFiles/Pot_temp.dir/Core/Src/stm32f4xx_hal_msp.c.obj
 .debug_rnglists
                0x000000a3       0x19 CMakeFiles/Pot_temp.dir/startup_stm32f411xe.s.obj
 .debug_rnglists
                0x000000bc       0x1a cmake/stm32cubemx/CMakeFiles/STM32_Drivers.dir/__/__/Core/Src/system_stm32f4xx.c.obj
 .debug_rnglists
                0x000000d6       0xb5 cmake/stm32cubemx/CMakeFiles/STM32_Drivers.dir/__/__/Drivers/STM32F4xx_HAL_Driver/Src/stm32f4xx_hal_adc.c.obj
 .debug_rnglists
                0x0000018b       0x66 cmake/stm32cubemx/CMakeFiles/STM32_Drivers.dir/__/__/Drivers/STM32F4xx_HAL_Driver/Src/stm32f4xx_hal_rcc.c.obj
 .debug_rnglists
                0x000001f1       0x3f cmake/stm32cubemx/CMakeFiles/STM32_Drivers.dir/__/__/Drivers/STM32F4xx_HAL_Driver/Src/stm32f4xx_hal_gpio.c.obj
 .debug_rnglists
                0x00000230       0x70 cmake/stm32cubemx/CMakeFiles/STM32_Drivers.dir/__/__/Drivers/STM32F4xx_HAL_Driver/Src/stm32f4xx_hal_dma.c.obj
 .debug_rnglists
                0x000002a0       0xe0 cmake/stm32cubemx/CMakeFiles/STM32_Drivers.dir/__/__/Drivers/STM32F4xx_HAL_Driver/Src/stm32f4xx_hal_cortex.c.obj
 .debug_rnglists
                0x00000380       0xaf cmake/stm32cubemx/CMakeFiles/STM32_Drivers.dir/__/__/Drivers/STM32F4xx_HAL_Driver/Src/stm32f4xx_hal.c.obj
 .debug_rnglists
                0x0000042f       0x13 /opt/st/stm32cubeide_1.19.0_2/plugins/com.st.stm32cube.ide.mcu.externaltools.gnu-tools-for-stm32.13.3.rel1.linux64_1.0.0.202410170706/tools/bin/../lib/gcc/arm-none-eabi/13.3.1/../../../../arm-none-eabi/lib/thumb/v7e-m+fp/hard/libg_nano.a(libc_a-memset.o)
 .debug_rnglists
                0x00000442       0x13 /opt/st/stm32cubeide_1.19.0_2/plugins/com.st.stm32cube.ide.mcu.externaltools.gnu-tools-for-stm32.13.3.rel1.linux64_1.0.0.202410170706/tools/bin/../lib/gcc/arm-none-eabi/13.3.1/../../../../arm-none-eabi/lib/thumb/v7e-m+fp/hard/libg_nano.a(libc_a-init.o)

.debug_macro    0x00000000    0x15890
 .debug_macro   0x00000000      0x1e6 CMakeFiles/Pot_temp.dir/Core/Src/main.c.obj
 .debug_macro   0x000001e6      0xad8 CMakeFiles/Pot_temp.dir/Core/Src/main.c.obj
 .debug_macro   0x00000cbe      0x295 CMakeFiles/Pot_temp.dir/Core/Src/main.c.obj
 .debug_macro   0x00000f53       0x2e CMakeFiles/Pot_temp.dir/Core/Src/main.c.obj
 .debug_macro   0x00000f81       0x28 CMakeFiles/Pot_temp.dir/Core/Src/main.c.obj
 .debug_macro   0x00000fa9       0x22 CMakeFiles/Pot_temp.dir/Core/Src/main.c.obj
 .debug_macro   0x00000fcb       0x8e CMakeFiles/Pot_temp.dir/Core/Src/main.c.obj
 .debug_macro   0x00001059       0x51 CMakeFiles/Pot_temp.dir/Core/Src/main.c.obj
 .debug_macro   0x000010aa      0x103 CMakeFiles/Pot_temp.dir/Core/Src/main.c.obj
 .debug_macro   0x000011ad       0x6a CMakeFiles/Pot_temp.dir/Core/Src/main.c.obj
 .debug_macro   0x00001217      0x1df CMakeFiles/Pot_temp.dir/Core/Src/main.c.obj
 .debug_macro   0x000013f6       0x1c CMakeFiles/Pot_temp.dir/Core/Src/main.c.obj
 .debug_macro   0x00001412       0x22 CMakeFiles/Pot_temp.dir/Core/Src/main.c.obj
 .debug_macro   0x00001434       0xfb CMakeFiles/Pot_temp.dir/Core/Src/main.c.obj
 .debug_macro   0x0000152f     0x1011 CMakeFiles/Pot_temp.dir/Core/Src/main.c.obj
 .debug_macro   0x00002540      0x11f CMakeFiles/Pot_temp.dir/Core/Src/main.c.obj
 .debug_macro   0x0000265f     0xb968 CMakeFiles/Pot_temp.dir/Core/Src/main.c.obj
 .debug_macro   0x0000dfc7       0x6d CMakeFiles/Pot_temp.dir/Core/Src/main.c.obj
 .debug_macro   0x0000e034     0x3693 CMakeFiles/Pot_temp.dir/Core/Src/main.c.obj
 .debug_macro   0x000116c7      0x190 CMakeFiles/Pot_temp.dir/Core/Src/main.c.obj
 .debug_macro   0x00011857       0x5c CMakeFiles/Pot_temp.dir/Core/Src/main.c.obj
 .debug_macro   0x000118b3      0x45c CMakeFiles/Pot_temp.dir/Core/Src/main.c.obj
 .debug_macro   0x00011d0f      0x9e9 CMakeFiles/Pot_temp.dir/Core/Src/main.c.obj
 .debug_macro   0x000126f8      0x115 CMakeFiles/Pot_temp.dir/Core/Src/main.c.obj
 .debug_macro   0x0001280d      0x11b CMakeFiles/Pot_temp.dir/Core/Src/main.c.obj
 .debug_macro   0x00012928       0xa5 CMakeFiles/Pot_temp.dir/Core/Src/main.c.obj
 .debug_macro   0x000129cd      0x15f CMakeFiles/Pot_temp.dir/Core/Src/main.c.obj
 .debug_macro   0x00012b2c      0x287 CMakeFiles/Pot_temp.dir/Core/Src/main.c.obj
 .debug_macro   0x00012db3       0x5f CMakeFiles/Pot_temp.dir/Core/Src/main.c.obj
 .debug_macro   0x00012e12      0x236 CMakeFiles/Pot_temp.dir/Core/Src/main.c.obj
 .debug_macro   0x00013048      0x9e1 CMakeFiles/Pot_temp.dir/Core/Src/main.c.obj
 .debug_macro   0x00013a29      0x38b CMakeFiles/Pot_temp.dir/Core/Src/main.c.obj
 .debug_macro   0x00013db4      0x17d CMakeFiles/Pot_temp.dir/Core/Src/main.c.obj
 .debug_macro   0x00013f31       0xf9 CMakeFiles/Pot_temp.dir/Core/Src/main.c.obj
 .debug_macro   0x0001402a      0x132 CMakeFiles/Pot_temp.dir/Core/Src/main.c.obj
 .debug_macro   0x0001415c      0x264 CMakeFiles/Pot_temp.dir/Core/Src/main.c.obj
 .debug_macro   0x000143c0       0x2e CMakeFiles/Pot_temp.dir/Core/Src/main.c.obj
 .debug_macro   0x000143ee      0x127 CMakeFiles/Pot_temp.dir/Core/Src/main.c.obj
 .debug_macro   0x00014515       0x85 CMakeFiles/Pot_temp.dir/Core/Src/main.c.obj
 .debug_macro   0x0001459a       0x89 CMakeFiles/Pot_temp.dir/Core/Src/main.c.obj
 .debug_macro   0x00014623      0x126 CMakeFiles/Pot_temp.dir/Core/Src/main.c.obj
 .debug_macro   0x00014749      0x1ec CMakeFiles/Pot_temp.dir/Core/Src/stm32f4xx_it.c.obj
 .debug_macro   0x00014935      0x1e2 CMakeFiles/Pot_temp.dir/Core/Src/stm32f4xx_hal_msp.c.obj
 .debug_macro   0x00014b17      0x1d8 cmake/stm32cubemx/CMakeFiles/STM32_Drivers.dir/__/__/Core/Src/system_stm32f4xx.c.obj
 .debug_macro   0x00014cef      0x1d9 cmake/stm32cubemx/CMakeFiles/STM32_Drivers.dir/__/__/Drivers/STM32F4xx_HAL_Driver/Src/stm32f4xx_hal_adc.c.obj
 .debug_macro   0x00014ec8      0x1fc cmake/stm32cubemx/CMakeFiles/STM32_Drivers.dir/__/__/Drivers/STM32F4xx_HAL_Driver/Src/stm32f4xx_hal_rcc.c.obj
 .debug_macro   0x000150c4      0x1de cmake/stm32cubemx/CMakeFiles/STM32_Drivers.dir/__/__/Drivers/STM32F4xx_HAL_Driver/Src/stm32f4xx_hal_gpio.c.obj
 .debug_macro   0x000152a2      0x1de cmake/stm32cubemx/CMakeFiles/STM32_Drivers.dir/__/__/Drivers/STM32F4xx_HAL_Driver/Src/stm32f4xx_hal_dma.c.obj
 .debug_macro   0x00015480      0x1d8 cmake/stm32cubemx/CMakeFiles/STM32_Drivers.dir/__/__/Drivers/STM32F4xx_HAL_Driver/Src/stm32f4xx_hal_cortex.c.obj
 .debug_macro   0x00015658      0x238 cmake/stm32cubemx/CMakeFiles/STM32_Drivers.dir/__/__/Drivers/STM32F4xx_HAL_Driver/Src/stm32f4xx_hal.c.obj

.debug_line     0x00000000     0x858d
 .debug_line    0x00000000      0xa49 CMakeFiles/Pot_temp.dir/Core/Src/main.c.obj
 .debug_line    0x00000a49      0x9a4 CMakeFiles/Pot_temp.dir/Core/Src/stm32f4xx_it.c.obj
 .debug_line    0x000013ed      0x94f CMakeFiles/Pot_temp.dir/Core/Src/stm32f4xx_hal_msp.c.obj
 .debug_line    0x00001d3c       0x7a CMakeFiles/Pot_temp.dir/startup_stm32f411xe.s.obj
 .debug_line    0x00001db6      0x953 cmake/stm32cubemx/CMakeFiles/STM32_Drivers.dir/__/__/Core/Src/system_stm32f4xx.c.obj
 .debug_line    0x00002709     0x1326 cmake/stm32cubemx/CMakeFiles/STM32_Drivers.dir/__/__/Drivers/STM32F4xx_HAL_Driver/Src/stm32f4xx_hal_adc.c.obj
 .debug_line    0x00003a2f      0xfdc cmake/stm32cubemx/CMakeFiles/STM32_Drivers.dir/__/__/Drivers/STM32F4xx_HAL_Driver/Src/stm32f4xx_hal_rcc.c.obj
 .debug_line    0x00004a0b      0xceb cmake/stm32cubemx/CMakeFiles/STM32_Drivers.dir/__/__/Drivers/STM32F4xx_HAL_Driver/Src/stm32f4xx_hal_gpio.c.obj
 .debug_line    0x000056f6     0x113b cmake/stm32cubemx/CMakeFiles/STM32_Drivers.dir/__/__/Drivers/STM32F4xx_HAL_Driver/Src/stm32f4xx_hal_dma.c.obj
 .debug_line    0x00006831      0xe9f cmake/stm32cubemx/CMakeFiles/STM32_Drivers.dir/__/__/Drivers/STM32F4xx_HAL_Driver/Src/stm32f4xx_hal_cortex.c.obj
 .debug_line    0x000076d0      0xbcf cmake/stm32cubemx/CMakeFiles/STM32_Drivers.dir/__/__/Drivers/STM32F4xx_HAL_Driver/Src/stm32f4xx_hal.c.obj
 .debug_line    0x0000829f      0x17e /opt/st/stm32cubeide_1.19.0_2/plugins/com.st.stm32cube.ide.mcu.externaltools.gnu-tools-for-stm32.13.3.rel1.linux64_1.0.0.202410170706/tools/bin/../lib/gcc/arm-none-eabi/13.3.1/../../../../arm-none-eabi/lib/thumb/v7e-m+fp/hard/libg_nano.a(libc_a-memset.o)
 .debug_line    0x0000841d      0x170 /opt/st/stm32cubeide_1.19.0_2/plugins/com.st.stm32cube.ide.mcu.externaltools.gnu-tools-for-stm32.13.3.rel1.linux64_1.0.0.202410170706/tools/bin/../lib/gcc/arm-none-eabi/13.3.1/../../../../arm-none-eabi/lib/thumb/v7e-m+fp/hard/libg_nano.a(libc_a-init.o)

.debug_str      0x00000000    0x8bdbd
 .debug_str     0x00000000    0x8bdbd CMakeFiles/Pot_temp.dir/Core/Src/main.c.obj
                              0x8a63d (size before relaxing)
 .debug_str     0x0008bdbd    0x89d4d CMakeFiles/Pot_temp.dir/Core/Src/stm32f4xx_it.c.obj
 .debug_str     0x0008bdbd    0x8a043 CMakeFiles/Pot_temp.dir/Core/Src/stm32f4xx_hal_msp.c.obj
 .debug_str     0x0008bdbd       0xe3 CMakeFiles/Pot_temp.dir/startup_stm32f411xe.s.obj
 .debug_str     0x0008bdbd    0x89c06 cmake/stm32cubemx/CMakeFiles/STM32_Drivers.dir/__/__/Core/Src/system_stm32f4xx.c.obj
 .debug_str     0x0008bdbd    0x8a1e1 cmake/stm32cubemx/CMakeFiles/STM32_Drivers.dir/__/__/Drivers/STM32F4xx_HAL_Driver/Src/stm32f4xx_hal_adc.c.obj
 .debug_str     0x0008bdbd    0x8a03a cmake/stm32cubemx/CMakeFiles/STM32_Drivers.dir/__/__/Drivers/STM32F4xx_HAL_Driver/Src/stm32f4xx_hal_rcc.c.obj
 .debug_str     0x0008bdbd    0x89d81 cmake/stm32cubemx/CMakeFiles/STM32_Drivers.dir/__/__/Drivers/STM32F4xx_HAL_Driver/Src/stm32f4xx_hal_gpio.c.obj
 .debug_str     0x0008bdbd    0x8a00e cmake/stm32cubemx/CMakeFiles/STM32_Drivers.dir/__/__/Drivers/STM32F4xx_HAL_Driver/Src/stm32f4xx_hal_dma.c.obj
 .debug_str     0x0008bdbd    0x8a39c cmake/stm32cubemx/CMakeFiles/STM32_Drivers.dir/__/__/Drivers/STM32F4xx_HAL_Driver/Src/stm32f4xx_hal_cortex.c.obj
 .debug_str     0x0008bdbd    0x8a632 cmake/stm32cubemx/CMakeFiles/STM32_Drivers.dir/__/__/Drivers/STM32F4xx_HAL_Driver/Src/stm32f4xx_hal.c.obj
 .debug_str     0x0008bdbd      0x211 /opt/st/stm32cubeide_1.19.0_2/plugins/com.st.stm32cube.ide.mcu.externaltools.gnu-tools-for-stm32.13.3.rel1.linux64_1.0.0.202410170706/tools/bin/../lib/gcc/arm-none-eabi/13.3.1/../../../../arm-none-eabi/lib/thumb/v7e-m+fp/hard/libg_nano.a(libc_a-memset.o)
 .debug_str     0x0008bdbd      0x272 /opt/st/stm32cubeide_1.19.0_2/plugins/com.st.stm32cube.ide.mcu.externaltools.gnu-tools-for-stm32.13.3.rel1.linux64_1.0.0.202410170706/tools/bin/../lib/gcc/arm-none-eabi/13.3.1/../../../../arm-none-eabi/lib/thumb/v7e-m+fp/hard/libg_nano.a(libc_a-init.o)

.debug_frame    0x00000000     0x15a8
 .debug_frame   0x00000000       0xfc CMakeFiles/Pot_temp.dir/Core/Src/main.c.obj
 .debug_frame   0x000000fc      0x120 CMakeFiles/Pot_temp.dir/Core/Src/stm32f4xx_it.c.obj
 .debug_frame   0x0000021c       0x80 CMakeFiles/Pot_temp.dir/Core/Src/stm32f4xx_hal_msp.c.obj
 .debug_frame   0x0000029c       0x58 cmake/stm32cubemx/CMakeFiles/STM32_Drivers.dir/__/__/Core/Src/system_stm32f4xx.c.obj
 .debug_frame   0x000002f4      0x3fc cmake/stm32cubemx/CMakeFiles/STM32_Drivers.dir/__/__/Drivers/STM32F4xx_HAL_Driver/Src/stm32f4xx_hal_adc.c.obj
 .debug_frame   0x000006f0      0x1f4 cmake/stm32cubemx/CMakeFiles/STM32_Drivers.dir/__/__/Drivers/STM32F4xx_HAL_Driver/Src/stm32f4xx_hal_rcc.c.obj
 .debug_frame   0x000008e4      0x14c cmake/stm32cubemx/CMakeFiles/STM32_Drivers.dir/__/__/Drivers/STM32F4xx_HAL_Driver/Src/stm32f4xx_hal_gpio.c.obj
 .debug_frame   0x00000a30      0x250 cmake/stm32cubemx/CMakeFiles/STM32_Drivers.dir/__/__/Drivers/STM32F4xx_HAL_Driver/Src/stm32f4xx_hal_dma.c.obj
 .debug_frame   0x00000c80      0x508 cmake/stm32cubemx/CMakeFiles/STM32_Drivers.dir/__/__/Drivers/STM32F4xx_HAL_Driver/Src/stm32f4xx_hal_cortex.c.obj
 .debug_frame   0x00001188      0x374 cmake/stm32cubemx/CMakeFiles/STM32_Drivers.dir/__/__/Drivers/STM32F4xx_HAL_Driver/Src/stm32f4xx_hal.c.obj
 .debug_frame   0x000014fc       0x2c /opt/st/stm32cubeide_1.19.0_2/plugins/com.st.stm32cube.ide.mcu.externaltools.gnu-tools-for-stm32.13.3.rel1.linux64_1.0.0.202410170706/tools/bin/../lib/gcc/arm-none-eabi/13.3.1/thumb/v7e-m+fp/hard/libgcc.a(_aeabi_uldivmod.o)
 .debug_frame   0x00001528       0x34 /opt/st/stm32cubeide_1.19.0_2/plugins/com.st.stm32cube.ide.mcu.externaltools.gnu-tools-for-stm32.13.3.rel1.linux64_1.0.0.202410170706/tools/bin/../lib/gcc/arm-none-eabi/13.3.1/thumb/v7e-m+fp/hard/libgcc.a(_udivmoddi4.o)
 .debug_frame   0x0000155c       0x20 /opt/st/stm32cubeide_1.19.0_2/plugins/com.st.stm32cube.ide.mcu.externaltools.gnu-tools-for-stm32.13.3.rel1.linux64_1.0.0.202410170706/tools/bin/../lib/gcc/arm-none-eabi/13.3.1/../../../../arm-none-eabi/lib/thumb/v7e-m+fp/hard/libg_nano.a(libc_a-memset.o)
 .debug_frame   0x0000157c       0x2c /opt/st/stm32cubeide_1.19.0_2/plugins/com.st.stm32cube.ide.mcu.externaltools.gnu-tools-for-stm32.13.3.rel1.linux64_1.0.0.202410170706/tools/bin/../lib/gcc/arm-none-eabi/13.3.1/../../../../arm-none-eabi/lib/thumb/v7e-m+fp/hard/libg_nano.a(libc_a-init.o)

.debug_line_str
                0x00000000       0xc7
 .debug_line_str
                0x00000000       0xc7 CMakeFiles/Pot_temp.dir/startup_stm32f411xe.s.obj

.debug_loclists
                0x00000000       0x91
 .debug_loclists
                0x00000000       0x4d /opt/st/stm32cubeide_1.19.0_2/plugins/com.st.stm32cube.ide.mcu.externaltools.gnu-tools-for-stm32.13.3.rel1.linux64_1.0.0.202410170706/tools/bin/../lib/gcc/arm-none-eabi/13.3.1/../../../../arm-none-eabi/lib/thumb/v7e-m+fp/hard/libg_nano.a(libc_a-memset.o)
 .debug_loclists
                0x0000004d       0x44 /opt/st/stm32cubeide_1.19.0_2/plugins/com.st.stm32cube.ide.mcu.externaltools.gnu-tools-for-stm32.13.3.rel1.linux64_1.0.0.202410170706/tools/bin/../lib/gcc/arm-none-eabi/13.3.1/../../../../arm-none-eabi/lib/thumb/v7e-m+fp/hard/libg_nano.a(libc_a-init.o)
